// Jest Snapshot v1, https://goo.gl/fbAQLP

exports[`AppTitle 1`] = `
<h1
  className="sc-bdnxRM hjrJxN"
>
  messageie
</h1>
`;
