// Jest Snapshot v1, https://goo.gl/fbAQLP

exports[`AppTitle 1`] = `
<ion-button
  color="primary"
>
  Primary
</ion-button>
`;
